// Jest Snapshot v1, https://goo.gl/fbAQLP

exports[`Should renders Home page without exploding 1`] = `
<div>
  Hello Jest!
</div>
`;
