// Jest Snapshot v1, https://goo.gl/fbAQLP

exports[`Should renders LiveTV page without exploding 1`] = `
<h3>
  Live TV Page
</h3>
`;
