// Jest Snapshot v1, https://goo.gl/fbAQLP

exports[`Should renders CatchUp page without exploding 1`] = `
<h3>
  Catch Up Page
</h3>
`;
